// Jest Snapshot v1, https://goo.gl/fbAQLP

exports[`SVG output regression renders "arc" to valid SVG 1`] = `"<svg viewBox="-0.2 -0.2 1.4 1.4" class="_myopic-1" xmlns="http://www.w3.org/2000/svg"><g data-jp-id="SArc-1"><path fill="none" d=" M 0 0 A 1 1 44.999980714102676 0 1 1 1 " y="0" x="0" rotation="0" turn="cw" stroke-width="0.04" stroke="#5aacff" /></g></svg>"`;

exports[`SVG output regression renders "arrow both ends" to valid SVG 1`] = `"<svg viewBox="0.01600000000000018 -0.2 2.9679999999999995 0.4" class="_myopic-1" xmlns="http://www.w3.org/2000/svg"><g data-jp-id="SLine-1"><path fill="none" d="M 0.216 0 L 2.784 0" y="0" x="1.5" rotation="0" stroke-width="0.04" stroke="#5aacff" /><path stroke="none" fill="#5aacff" d="M 0.216 0.06 L 0.06 0 L 0.216 -0.06 Z" /><path stroke="none" fill="#5aacff" d="M 2.784 -0.06 L 2.94 0 L 2.784 0.06 Z" /></g></svg>"`;

exports[`SVG output regression renders "box to box with arrow" to valid SVG 1`] = `"<svg viewBox="-0.7 -0.575 3.4 1.15" class="_myopic-1" xmlns="http://www.w3.org/2000/svg"><rect data-jp-id="SBox-1" y="-0.375" x="-0.5" rotation="0" ry="0.06" rx="0.06" stroke-width="0.015" stroke="none" fill="#1a7a9a" height="0.75" width="1" /><g data-jp-id="SLine-2"><path fill="none" d="M 0.5 0 L 1.284 0" y="0" x="1" rotation="0" stroke-width="0.04" stroke="#5aacff" /><path stroke="none" fill="#5aacff" d="M 1.284 -0.06 L 1.44 0 L 1.284 0.06 Z" /></g><rect data-jp-id="SBox-3" y="-0.375" x="1.5" rotation="0" ry="0.06" rx="0.06" stroke-width="0.015" stroke="none" fill="#1a7a9a" height="0.75" width="1" /></svg>"`;

exports[`SVG output regression renders "circle with label" to valid SVG 1`] = `"<svg viewBox="-0.5535533905932737 -0.5535533905932737 1.1071067811865474 1.1071067811865474" class="_myopic-1" xmlns="http://www.w3.org/2000/svg"><g data-jp-id="SCircle-1"><circle data-jp-id="SCircle-1" cy="0" cx="0" rotation="0" stroke-width="0.015" stroke="none" fill="#1a7a9a" r="0.5" /><text data-jp-id="SLabel-2" dominant-baseline="text-before-edge" y="-0.12" x="-0.3" rotation="0" font-stretch="normal" font-weight="normal" font-variant="normal" font-style="normal" font-size="0.14" font-family="Roboto, sans-serif" fill="#ffffff">Hello</text></g></svg>"`;

exports[`SVG output regression renders "dashed line" to valid SVG 1`] = `"<svg viewBox="-0.2 -0.2 3.4 0.4" class="_myopic-1" xmlns="http://www.w3.org/2000/svg"><g data-jp-id="SLine-1"><path fill="none" d="M 0 0 L 3 0" stroke-dasharray="0.08,0.04" y="0" x="1.5" rotation="0" stroke-width="0.04" stroke="#5aacff" /></g></svg>"`;

exports[`SVG output regression renders "ellipse" to valid SVG 1`] = `"<svg viewBox="-0.7 -0.575 1.4 1.15" class="_myopic-1" xmlns="http://www.w3.org/2000/svg"><ellipse data-jp-id="SEllipse-1" cy="0" cx="0" rotation="0" stroke-width="0.015" stroke="none" fill="#1a7a9a" ry="0.375" rx="0.5" /></svg>"`;

exports[`SVG output regression renders "group" to valid SVG 1`] = `"<svg viewBox="-1.126776695296637 -0.575 2.253553390593274 1.15" class="_myopic-1" xmlns="http://www.w3.org/2000/svg"><g data-jp-id="SGroup-3" transform="translate(0, 0)"><rect data-jp-id="SBox-1" y="-0.375" x="-0.9267766952966369" rotation="0" ry="0.06" rx="0.06" stroke-width="0.015" stroke="none" fill="#1a7a9a" height="0.75" width="1" /><circle data-jp-id="SCircle-2" cy="6.123233995736766e-17" cx="0.5732233047033631" rotation="0" stroke-width="0.015" stroke="none" fill="#1a7a9a" r="0.5" /></g></svg>"`;

exports[`SVG output regression renders "line with label" to valid SVG 1`] = `"<svg viewBox="-0.7 -0.575 3.4 1.15" class="_myopic-1" xmlns="http://www.w3.org/2000/svg"><rect data-jp-id="SBox-1" y="-0.375" x="-0.5" rotation="0" ry="0.06" rx="0.06" stroke-width="0.015" stroke="none" fill="#1a7a9a" height="0.75" width="1" /><g data-jp-id="SLine-2"><g data-jp-id="SLine-2"><path fill="none" d="M 0.5 0 L 1.284 0" y="0" x="1" rotation="0" stroke-width="0.04" stroke="#5aacff" /><path stroke="none" fill="#5aacff" d="M 1.284 -0.06 L 1.44 0 L 1.284 0.06 Z" /></g><text data-jp-id="SLabel-3" dominant-baseline="text-before-edge" y="-0.12" x="0.82" rotation="0" font-stretch="normal" font-weight="normal" font-variant="normal" font-style="normal" font-size="0.14" font-family="Roboto, sans-serif" fill="#ffffff">yes</text></g><rect data-jp-id="SBox-4" y="-0.375" x="1.5" rotation="0" ry="0.06" rx="0.06" stroke-width="0.015" stroke="none" fill="#1a7a9a" height="0.75" width="1" /></svg>"`;

exports[`SVG output regression renders "line" to valid SVG 1`] = `"<svg viewBox="-0.2 -0.2 1.4 1.4" class="_myopic-1" xmlns="http://www.w3.org/2000/svg"><g data-jp-id="SPolyline-1"><path d="M 0 0 L 1 0 L 1 1" y="0.5" x="0.5" rotation="0" fill="none" stroke-width="0.04" stroke="#5aacff" /></g></svg>"`;

exports[`SVG output regression renders "nested group" to valid SVG 1`] = `"<svg viewBox="-1.126776695296637 -0.575 2.253553390593274 1.15" class="_myopic-1" xmlns="http://www.w3.org/2000/svg"><g data-jp-id="SGroup-4" transform="translate(0, 0)"><g data-jp-id="SGroup-2" transform="translate(-0.42677669529663687, 0)"><rect data-jp-id="SBox-1" y="-0.375" x="-0.5" rotation="0" ry="0.06" rx="0.06" stroke-width="0.015" stroke="none" fill="#1a7a9a" height="0.75" width="1" /></g><circle data-jp-id="SCircle-3" cy="6.123233995736766e-17" cx="0.5732233047033631" rotation="0" stroke-width="0.015" stroke="none" fill="#1a7a9a" r="0.5" /></g></svg>"`;

exports[`SVG output regression renders "rotated box" to valid SVG 1`] = `"<svg viewBox="-0.28838813938610985 -0.8187184632899374 0.5767762787722197 1.6374369265798747" class="_myopic-1" xmlns="http://www.w3.org/2000/svg"><rect data-jp-id="SBox-1" y="-0.375" x="-0.5" transform="rotate(45, 0, 0)" ry="0.06" rx="0.06" stroke-width="0.015" stroke="none" fill="#1a7a9a" height="0.75" width="1" /></svg>"`;

exports[`SVG output regression renders "single box" to valid SVG 1`] = `"<svg viewBox="-0.7 -0.575 1.4 1.15" class="_myopic-1" xmlns="http://www.w3.org/2000/svg"><rect data-jp-id="SBox-1" y="-0.375" x="-0.5" rotation="0" ry="0.06" rx="0.06" stroke-width="0.015" stroke="none" fill="#1a7a9a" height="0.75" width="1" /></svg>"`;

exports[`SVG output regression renders "sized box" to valid SVG 1`] = `"<svg viewBox="-1.2 -0.7 2.4 1.4" class="_myopic-1" xmlns="http://www.w3.org/2000/svg"><rect data-jp-id="SBox-1" y="-0.5" x="-1" rotation="0" ry="0.06" rx="0.06" stroke-width="0.015" stroke="none" fill="#1a7a9a" height="1" width="2" /></svg>"`;

exports[`SVG output regression renders "styled" to valid SVG 1`] = `"<svg viewBox="-0.7 -0.575 1.4 1.15" class="_myopic-1" xmlns="http://www.w3.org/2000/svg"><rect data-jp-id="SBox-1" y="-0.375" x="-0.5" rotation="0" ry="0.06" rx="0.06" stroke-width="0.05" stroke="#0000ff" fill="#ff0000" height="0.75" width="1" /></svg>"`;

exports[`SVG output regression renders "with constraint" to valid SVG 1`] = `"<svg viewBox="-0.7 -0.575 2.753553390593274 1.15" class="_myopic-1" xmlns="http://www.w3.org/2000/svg"><rect data-jp-id="SBox-1" y="-0.375" x="-0.5" rotation="0" ry="0.06" rx="0.06" stroke-width="0.015" stroke="none" fill="#1a7a9a" height="0.75" width="1" /><circle data-jp-id="SCircle-2" cy="0" cx="1.5" y="0" x="1.5" rotation="0" stroke-width="0.015" stroke="none" fill="#1a7a9a" r="0.5" /></svg>"`;
